// Jest Snapshot v1, https://goo.gl/fbAQLP

exports[`highlighting a line range highlight-line highlights line 1`] = `"  return 'hello world'"`;

exports[`highlighting a line range highlight-next-line highlights correct line 1`] = `"  return 'hello world'"`;

exports[`highlighting a line range highlight-start / highlight-end highlights correct lines 1`] = `
"  var a = 'b'
  return a + 'hello world'"
`;

exports[`highlighting a line range highlight-start / highlight-end highlights without end directive 1`] = `
"var a = 'b'
return a + 'hello world'
"
`;

exports[`highlighting a line range jsx comment highlights comment line 1`] = `"      <button>sup</button>"`;

exports[`highlighting a line range yaml highlights yaml 1`] = `"- title: catorce"`;
